[
    "BeyondCompare4",
    "WinMerge",
    "meld"
]