[
    "BeyondCompare4",
    "WinMerge",
    "opendiff"
]